---
source: tests/end2end.rs
expression: frames.try_iter().last().unwrap()
---
captured piece:
x01234567890123456789012345678901234567890123456789012345678901234567890123456789x
0left 1                                  │right 1            │right 2            |
1                                        │                   │                   |
2                                        │                   │                   |
3                                        │                   │                   |
4                                        │                   │                   |
5                                        │                   │                   |
6────────────────────────────────────────│                   │                   |
7left 3                                  │                   │                   |
8                                        │                   │                   |
9                                        │                   │                   |
0                                        │                   │                   |
1                                        │                   │                   |
2────────────────────────────────────────│───────────────────────────────────────|
3left 2                                  │right 3                                |
4                                        │                                       |
5                                        │                                       |
6                                        │                                       |
7                                        │                                       |
8                                        │                                       |
9                                        │                                       |
0                                        │                                       |
1                                        │                                       |
2                                        │                                       |
3                                        │                                       |
x--------------------------------------------------------------------------------x

